// Jest Snapshot v1, https://goo.gl/fbAQLP

exports[`should render ExpenseListItem correctly 1`] = `
<div>
  <[object Object]
    to="/edit/1"
  >
    <h3
      href=""
    >
      Gum
    </h3>
  </[object Object]>
  <p>
    $195.00
    -
    December 31st, 1969
  </p>
</div>
`;
