// Jest Snapshot v1, https://goo.gl/fbAQLP

exports[`should render error for invalid form submission 1`] = `
ShallowWrapper {
  "length": 1,
}
`;

exports[`should render expense form correctly 1`] = `
ShallowWrapper {
  "length": 1,
}
`;

exports[`should render expense form with expense data correctly 1`] = `
ShallowWrapper {
  "length": 1,
}
`;
